// Jest Snapshot v1, https://goo.gl/fbAQLP

exports[`Dataset renders correctly 1`] = `
<div>
  <div
    className="sc-gZMcBi fkYhnm"
  >
    <div
      className="sc-htoDjs exnspz"
    >
      <div
        className="sc-gqjmRU ctxItp"
      >
        <div
          className="logo"
          onMouseEnter={[Function]}
          onMouseLeave={[Function]}
        >
          <a
            className="glitch"
            href="/"
          >
            <svg
              className="glitch__img"
              height="31.75mm"
              version="1.1"
              viewBox="0 0 1170 112.5"
              width="330.2mm"
            >
              <g
                id="layer1"
                transform="translate(962.86 -165.58)"
              >
                <g
                  id="text3336"
                >
                  <path
                    d="m-940.36 188.08v-22.5h45v22.5h22.5v90h-22.5v-22.5h-45v22.5h-22.5v-90h22.5zm45 45v-44.82h-45v44.82h45z"
                    id="path3364"
                  />
                  <path
                    d="m-782.86 278.08v-22.5h-45v-90h-22.5v112.5h67.5z"
                    id="path3366"
                  />
                  <path
                    d="m-670.36 188.08v-22.5h-67.5v22.5h67.5zm-67.5 0h-22.5v67.5h22.5v-67.5zm67.5 90h-67.5v-22.5h45v-22.5h-22.5v-22.5h45v67.5z"
                    id="path3368"
                  />
                  <path
                    d="m-580.36 255.4v-67.14h-45v67.14h45zm-45 0.18h-22.5v-67.5h22.5v-22.5h45v22.5h22.5v67.5h-22.5v22.5h-45v-22.5z"
                    id="path3370"
                  />
                  <path
                    d="m-467.86 233.08v45h22.5v-112.5h-22.5v45h-22.5v22.5h22.5zm-45-22.5h22.5v-22.5h-22.5v-22.5h-22.5v112.5h22.5v-67.5z"
                    id="path3372"
                  />
                  <path
                    d="m-355.36 255.4v-67.14h-45v67.14h45zm-45 0.18h-22.5v-67.5h22.5v-22.5h45v22.5h22.5v67.5h-22.5v22.5h-45v-22.5z"
                    id="path3374"
                  />
                  <path
                    d="m-287.86 188.08v-22.5h-22.5v112.5h22.5v-67.5h22.5v-22.5h-22.5zm22.5 45h22.5v-22.5h-22.5v22.5zm45-45h-22.5v22.5h22.5v67.5h22.5v-112.5h-22.5v22.5z"
                    id="path3376"
                  />
                  <path
                    d="m-130.36 188.08h22.5v-22.5h-67.5v22.5h22.5v67.5h-22.5v22.5h67.5v-22.5h-22.5v-67.5z"
                    id="path3378"
                  />
                  <path
                    d="m-17.857 188.08v-22.5h-45v22.5h45zm-45 0h-22.5v67.5h22.5v-67.5zm45 90v-22.5h-45v22.5h45z"
                    id="path3380"
                  />
                  <path
                    d="m72.143 255.4v-67.14h-45v67.14h45zm-45 0.18h-22.5v-67.5h22.5v-22.5h45v22.5h22.5v67.5h-22.5v22.5h-45v-22.5z"
                    id="path3382"
                  />
                  <path
                    d="m184.64 233.08v45h22.5v-112.5h-22.5v45h-22.5v22.5h22.5zm-45-22.5h22.5v-22.5h-22.5v-22.5h-22.5v112.5h22.5v-67.5z"
                    id="path3384"
                  />
                </g>
              </g>
            </svg>
            <svg
              className="glitch__img"
              height="31.75mm"
              version="1.1"
              viewBox="0 0 1170 112.5"
              width="330.2mm"
            >
              <g
                id="layer1"
                transform="translate(962.86 -165.58)"
              >
                <g
                  id="text3336"
                >
                  <path
                    d="m-940.36 188.08v-22.5h45v22.5h22.5v90h-22.5v-22.5h-45v22.5h-22.5v-90h22.5zm45 45v-44.82h-45v44.82h45z"
                    id="path3364"
                  />
                  <path
                    d="m-782.86 278.08v-22.5h-45v-90h-22.5v112.5h67.5z"
                    id="path3366"
                  />
                  <path
                    d="m-670.36 188.08v-22.5h-67.5v22.5h67.5zm-67.5 0h-22.5v67.5h22.5v-67.5zm67.5 90h-67.5v-22.5h45v-22.5h-22.5v-22.5h45v67.5z"
                    id="path3368"
                  />
                  <path
                    d="m-580.36 255.4v-67.14h-45v67.14h45zm-45 0.18h-22.5v-67.5h22.5v-22.5h45v22.5h22.5v67.5h-22.5v22.5h-45v-22.5z"
                    id="path3370"
                  />
                  <path
                    d="m-467.86 233.08v45h22.5v-112.5h-22.5v45h-22.5v22.5h22.5zm-45-22.5h22.5v-22.5h-22.5v-22.5h-22.5v112.5h22.5v-67.5z"
                    id="path3372"
                  />
                  <path
                    d="m-355.36 255.4v-67.14h-45v67.14h45zm-45 0.18h-22.5v-67.5h22.5v-22.5h45v22.5h22.5v67.5h-22.5v22.5h-45v-22.5z"
                    id="path3374"
                  />
                  <path
                    d="m-287.86 188.08v-22.5h-22.5v112.5h22.5v-67.5h22.5v-22.5h-22.5zm22.5 45h22.5v-22.5h-22.5v22.5zm45-45h-22.5v22.5h22.5v67.5h22.5v-112.5h-22.5v22.5z"
                    id="path3376"
                  />
                  <path
                    d="m-130.36 188.08h22.5v-22.5h-67.5v22.5h22.5v67.5h-22.5v22.5h67.5v-22.5h-22.5v-67.5z"
                    id="path3378"
                  />
                  <path
                    d="m-17.857 188.08v-22.5h-45v22.5h45zm-45 0h-22.5v67.5h22.5v-67.5zm45 90v-22.5h-45v22.5h45z"
                    id="path3380"
                  />
                  <path
                    d="m72.143 255.4v-67.14h-45v67.14h45zm-45 0.18h-22.5v-67.5h22.5v-22.5h45v22.5h22.5v67.5h-22.5v22.5h-45v-22.5z"
                    id="path3382"
                  />
                  <path
                    d="m184.64 233.08v45h22.5v-112.5h-22.5v45h-22.5v22.5h22.5zm-45-22.5h22.5v-22.5h-22.5v-22.5h-22.5v112.5h22.5v-67.5z"
                    id="path3384"
                  />
                </g>
              </g>
            </svg>
            <svg
              className="glitch__img"
              height="31.75mm"
              version="1.1"
              viewBox="0 0 1170 112.5"
              width="330.2mm"
            >
              <g
                id="layer1"
                transform="translate(962.86 -165.58)"
              >
                <g
                  id="text3336"
                >
                  <path
                    d="m-940.36 188.08v-22.5h45v22.5h22.5v90h-22.5v-22.5h-45v22.5h-22.5v-90h22.5zm45 45v-44.82h-45v44.82h45z"
                    id="path3364"
                  />
                  <path
                    d="m-782.86 278.08v-22.5h-45v-90h-22.5v112.5h67.5z"
                    id="path3366"
                  />
                  <path
                    d="m-670.36 188.08v-22.5h-67.5v22.5h67.5zm-67.5 0h-22.5v67.5h22.5v-67.5zm67.5 90h-67.5v-22.5h45v-22.5h-22.5v-22.5h45v67.5z"
                    id="path3368"
                  />
                  <path
                    d="m-580.36 255.4v-67.14h-45v67.14h45zm-45 0.18h-22.5v-67.5h22.5v-22.5h45v22.5h22.5v67.5h-22.5v22.5h-45v-22.5z"
                    id="path3370"
                  />
                  <path
                    d="m-467.86 233.08v45h22.5v-112.5h-22.5v45h-22.5v22.5h22.5zm-45-22.5h22.5v-22.5h-22.5v-22.5h-22.5v112.5h22.5v-67.5z"
                    id="path3372"
                  />
                  <path
                    d="m-355.36 255.4v-67.14h-45v67.14h45zm-45 0.18h-22.5v-67.5h22.5v-22.5h45v22.5h22.5v67.5h-22.5v22.5h-45v-22.5z"
                    id="path3374"
                  />
                  <path
                    d="m-287.86 188.08v-22.5h-22.5v112.5h22.5v-67.5h22.5v-22.5h-22.5zm22.5 45h22.5v-22.5h-22.5v22.5zm45-45h-22.5v22.5h22.5v67.5h22.5v-112.5h-22.5v22.5z"
                    id="path3376"
                  />
                  <path
                    d="m-130.36 188.08h22.5v-22.5h-67.5v22.5h22.5v67.5h-22.5v22.5h67.5v-22.5h-22.5v-67.5z"
                    id="path3378"
                  />
                  <path
                    d="m-17.857 188.08v-22.5h-45v22.5h45zm-45 0h-22.5v67.5h22.5v-67.5zm45 90v-22.5h-45v22.5h45z"
                    id="path3380"
                  />
                  <path
                    d="m72.143 255.4v-67.14h-45v67.14h45zm-45 0.18h-22.5v-67.5h22.5v-22.5h45v22.5h22.5v67.5h-22.5v22.5h-45v-22.5z"
                    id="path3382"
                  />
                  <path
                    d="m184.64 233.08v45h22.5v-112.5h-22.5v45h-22.5v22.5h22.5zm-45-22.5h22.5v-22.5h-22.5v-22.5h-22.5v112.5h22.5v-67.5z"
                    id="path3384"
                  />
                </g>
              </g>
            </svg>
            <svg
              className="glitch__img"
              height="31.75mm"
              version="1.1"
              viewBox="0 0 1170 112.5"
              width="330.2mm"
            >
              <g
                id="layer1"
                transform="translate(962.86 -165.58)"
              >
                <g
                  id="text3336"
                >
                  <path
                    d="m-940.36 188.08v-22.5h45v22.5h22.5v90h-22.5v-22.5h-45v22.5h-22.5v-90h22.5zm45 45v-44.82h-45v44.82h45z"
                    id="path3364"
                  />
                  <path
                    d="m-782.86 278.08v-22.5h-45v-90h-22.5v112.5h67.5z"
                    id="path3366"
                  />
                  <path
                    d="m-670.36 188.08v-22.5h-67.5v22.5h67.5zm-67.5 0h-22.5v67.5h22.5v-67.5zm67.5 90h-67.5v-22.5h45v-22.5h-22.5v-22.5h45v67.5z"
                    id="path3368"
                  />
                  <path
                    d="m-580.36 255.4v-67.14h-45v67.14h45zm-45 0.18h-22.5v-67.5h22.5v-22.5h45v22.5h22.5v67.5h-22.5v22.5h-45v-22.5z"
                    id="path3370"
                  />
                  <path
                    d="m-467.86 233.08v45h22.5v-112.5h-22.5v45h-22.5v22.5h22.5zm-45-22.5h22.5v-22.5h-22.5v-22.5h-22.5v112.5h22.5v-67.5z"
                    id="path3372"
                  />
                  <path
                    d="m-355.36 255.4v-67.14h-45v67.14h45zm-45 0.18h-22.5v-67.5h22.5v-22.5h45v22.5h22.5v67.5h-22.5v22.5h-45v-22.5z"
                    id="path3374"
                  />
                  <path
                    d="m-287.86 188.08v-22.5h-22.5v112.5h22.5v-67.5h22.5v-22.5h-22.5zm22.5 45h22.5v-22.5h-22.5v22.5zm45-45h-22.5v22.5h22.5v67.5h22.5v-112.5h-22.5v22.5z"
                    id="path3376"
                  />
                  <path
                    d="m-130.36 188.08h22.5v-22.5h-67.5v22.5h22.5v67.5h-22.5v22.5h67.5v-22.5h-22.5v-67.5z"
                    id="path3378"
                  />
                  <path
                    d="m-17.857 188.08v-22.5h-45v22.5h45zm-45 0h-22.5v67.5h22.5v-67.5zm45 90v-22.5h-45v22.5h45z"
                    id="path3380"
                  />
                  <path
                    d="m72.143 255.4v-67.14h-45v67.14h45zm-45 0.18h-22.5v-67.5h22.5v-22.5h45v22.5h22.5v67.5h-22.5v22.5h-45v-22.5z"
                    id="path3382"
                  />
                  <path
                    d="m184.64 233.08v45h22.5v-112.5h-22.5v45h-22.5v22.5h22.5zm-45-22.5h22.5v-22.5h-22.5v-22.5h-22.5v112.5h22.5v-67.5z"
                    id="path3384"
                  />
                </g>
              </g>
            </svg>
            <svg
              className="glitch__img"
              height="31.75mm"
              version="1.1"
              viewBox="0 0 1170 112.5"
              width="330.2mm"
            >
              <g
                id="layer1"
                transform="translate(962.86 -165.58)"
              >
                <g
                  id="text3336"
                >
                  <path
                    d="m-940.36 188.08v-22.5h45v22.5h22.5v90h-22.5v-22.5h-45v22.5h-22.5v-90h22.5zm45 45v-44.82h-45v44.82h45z"
                    id="path3364"
                  />
                  <path
                    d="m-782.86 278.08v-22.5h-45v-90h-22.5v112.5h67.5z"
                    id="path3366"
                  />
                  <path
                    d="m-670.36 188.08v-22.5h-67.5v22.5h67.5zm-67.5 0h-22.5v67.5h22.5v-67.5zm67.5 90h-67.5v-22.5h45v-22.5h-22.5v-22.5h45v67.5z"
                    id="path3368"
                  />
                  <path
                    d="m-580.36 255.4v-67.14h-45v67.14h45zm-45 0.18h-22.5v-67.5h22.5v-22.5h45v22.5h22.5v67.5h-22.5v22.5h-45v-22.5z"
                    id="path3370"
                  />
                  <path
                    d="m-467.86 233.08v45h22.5v-112.5h-22.5v45h-22.5v22.5h22.5zm-45-22.5h22.5v-22.5h-22.5v-22.5h-22.5v112.5h22.5v-67.5z"
                    id="path3372"
                  />
                  <path
                    d="m-355.36 255.4v-67.14h-45v67.14h45zm-45 0.18h-22.5v-67.5h22.5v-22.5h45v22.5h22.5v67.5h-22.5v22.5h-45v-22.5z"
                    id="path3374"
                  />
                  <path
                    d="m-287.86 188.08v-22.5h-22.5v112.5h22.5v-67.5h22.5v-22.5h-22.5zm22.5 45h22.5v-22.5h-22.5v22.5zm45-45h-22.5v22.5h22.5v67.5h22.5v-112.5h-22.5v22.5z"
                    id="path3376"
                  />
                  <path
                    d="m-130.36 188.08h22.5v-22.5h-67.5v22.5h22.5v67.5h-22.5v22.5h67.5v-22.5h-22.5v-67.5z"
                    id="path3378"
                  />
                  <path
                    d="m-17.857 188.08v-22.5h-45v22.5h45zm-45 0h-22.5v67.5h22.5v-67.5zm45 90v-22.5h-45v22.5h45z"
                    id="path3380"
                  />
                  <path
                    d="m72.143 255.4v-67.14h-45v67.14h45zm-45 0.18h-22.5v-67.5h22.5v-22.5h45v22.5h22.5v67.5h-22.5v22.5h-45v-22.5z"
                    id="path3382"
                  />
                  <path
                    d="m184.64 233.08v45h22.5v-112.5h-22.5v45h-22.5v22.5h22.5zm-45-22.5h22.5v-22.5h-22.5v-22.5h-22.5v112.5h22.5v-67.5z"
                    id="path3384"
                  />
                </g>
              </g>
            </svg>
          </a>
        </div>
        <div
          className="sc-VigVT cQowiX"
        >
          <a
            className="sc-jTzLTM XXXSU"
            href="/about"
          >
            About
          </a>
          <a
            className="sc-jTzLTM XXXSU"
            href="/contact"
          >
            Contact
          </a>
        </div>
      </div>
      <div
        className="sc-fjdhpX jVgRYA"
      >
        <h1
          className="sc-jzJRlG diYmFi"
        >
          Machine Learning for Fun and Profit
        </h1>
        <h4
          className="sc-cSHVUG dHvNZW"
        >
          Still under construction. Thanks for bearing with us! Sign up for updates.
        </h4>
        <div
          className="sc-kAzzGY iGneOL"
        >
          <div
            className="sc-kgoBCf heGha"
          >
            <div
              className="sc-kGXeez lmfQek"
            >
              <svg
                aria-hidden="true"
                className="svg-inline--fa fa-user-astronaut fa-w-14 fa-3x"
                data-icon="user-astronaut"
                data-prefix="fas"
                role="img"
                style={
                  Object {
                    "display": "block",
                  }
                }
                viewBox="0 0 448 512"
                xmlns="http://www.w3.org/2000/svg"
              >
                <path
                  d="M64 224h13.5c24.7 56.5 80.9 96 146.5 96s121.8-39.5 146.5-96H384c8.8 0 16-7.2 16-16v-96c0-8.8-7.2-16-16-16h-13.5C345.8 39.5 289.6 0 224 0S102.2 39.5 77.5 96H64c-8.8 0-16 7.2-16 16v96c0 8.8 7.2 16 16 16zm40-88c0-22.1 21.5-40 48-40h144c26.5 0 48 17.9 48 40v24c0 53-43 96-96 96h-48c-53 0-96-43-96-96v-24zm72 72l12-36 36-12-36-12-12-36-12 36-36 12 36 12 12 36zm151.6 113.4C297.7 340.7 262.2 352 224 352s-73.7-11.3-103.6-30.6C52.9 328.5 0 385 0 454.4v9.6c0 26.5 21.5 48 48 48h80v-64c0-17.7 14.3-32 32-32h128c17.7 0 32 14.3 32 32v64h80c26.5 0 48-21.5 48-48v-9.6c0-69.4-52.9-125.9-120.4-133zM272 448c-8.8 0-16 7.2-16 16s7.2 16 16 16 16-7.2 16-16-7.2-16-16-16zm-96 0c-8.8 0-16 7.2-16 16v48h32v-48c0-8.8-7.2-16-16-16z"
                  fill="currentColor"
                />
              </svg>
            </div>
            <input
              className="sc-kpOJdX botntV"
              placeholder="example@algonomicon.com"
              type="text"
            />
          </div>
          <button
            className="sc-chPdSV hEdLZH"
          >
            Sign Up!
          </button>
        </div>
      </div>
    </div>
  </div>
  <div
    className="sc-dxgOiQ bGYNPR"
  >
    <div
      className="sc-htoDjs exnspz"
    >
      <div
        className="sc-bdVaJa knWkmq"
      >
        <a
          className="sc-bwzfXH FtMCK"
          href="/"
        >
          Home
        </a>
        <a
          className="sc-bwzfXH FtMCK"
          href="/articles"
          partiallyActive={true}
        >
          Articles
        </a>
        <a
          className="sc-bwzfXH FtMCK"
          href="/datasets"
          partiallyActive={true}
        >
          Datasets
        </a>
        <a
          className="sc-bwzfXH FtMCK"
          href="/papers"
          partiallyActive={true}
        >
          Papers
        </a>
        <a
          className="sc-bwzfXH FtMCK"
          href="/projects"
          partiallyActive={true}
        >
          Projects
        </a>
        <a
          className="sc-bwzfXH FtMCK"
          href="/snippets"
          partiallyActive={true}
        >
          Snippets
        </a>
      </div>
      <div
        className="sc-ckVGcZ jecudI"
      >
        <div
          className="sc-jKJlTe xPVez"
        >
          <h1
            className="sc-cMljjf dyvSyI"
          >
            MNIST
          </h1>
          <div>
            <p>
              The MNIST dataset is a collection of images of handwritten digits. Each image is greyscale, centered and sized to 28x28 pixels. The original dataset (
              <a
                href="http://yann.lecun.com/exdb/mnist"
              >
                http://yann.lecun.com/exdb/mnist
              </a>
              ) is provided as a custom format of bytes. The files we provide here are processed, formatted and converted to csv in order to make it easier to use.
            </p>
            <h3>
              Format
            </h3>
            <p>
              Images: 60,000/10,000 (train/test) instances where each instance is seperated by a newline. Each row is a series of 784 (28x28) comma-separated floats which represent pixel values. Each pixel has a value between 0 and 1, corresponding to the intensity of the brightness, where 0 is black and 1 is white.
            </p>
            <p>
              Labels: 60,000/10,000 (train/test) instances corresponding to the images csv. Each instance is seperated by a newline and each contains a digit from 0 to 9.
            </p>
            <h3>
              Data
            </h3>
            <p>
              
              <a
                href="https://data.algonomicon.com/mnist-images-train.csv"
              >
                https://data.algonomicon.com/mnist-images-train.csv
              </a>
               (303.4 MB, 784x60000{Float})
            </p>
            <p>
              
              <a
                href="https://data.algonomicon.com/mnist-labels-train.csv"
              >
                
              </a>
              
              <a
                href="https://data.algonomicon.com/mnist-labels-train.csv"
              >
                https://data.algonomicon.com/mnist-labels-train.csv
              </a>
               (117.2 KB, 1x60000{Int})
            </p>
            <p>
              
              <a
                href="https://data.algonomicon.com/mnist-images-test.csv"
              >
                
              </a>
              
              <a
                href="https://data.algonomicon.com/mnist-images-test.csv"
              >
                https://data.algonomicon.com/mnist-images-test.csv
              </a>
               (50.7 MB, 784x10000{Float})
            </p>
            <p>
              
              <a
                href="https://data.algonomicon.com/mnist-labels-test.csv"
              >
                https://data.algonomicon.com/mnist-labels-test.csv
              </a>
               (19.5 KB, 1x10000{Int})
            </p>
          </div>
        </div>
        <div
          className="sc-iAyFgw iUHcdr"
        >
          <div>
            <h6
              className="sc-htpNat iacXlz"
            >
              Meta
            </h6>
            <div
              className="sc-jAaTju jhaVYm"
            >
              <p
                className="sc-jDwBTQ dGHvET"
              >
                Creator: 
                Yann LeCunn,  Corinna Cortes, Christopher J.C. Burges
              </p>
              <p
                className="sc-jDwBTQ dGHvET"
              >
                Format: 
                CSV
              </p>
              <p
                className="sc-jDwBTQ dGHvET"
              >
                Instances: 
                70000
              </p>
              <p
                className="sc-jDwBTQ dGHvET"
              >
                Created: 
                2019-04-17T17:03:27Z
              </p>
              <p
                className="sc-jDwBTQ dGHvET"
              >
                Updated: 
                2019-05-08T18:36:23Z
              </p>
            </div>
          </div>
        </div>
      </div>
    </div>
  </div>
  <div
    className="sc-dnqmqq ipcvRL"
  >
    <div
      className="sc-htoDjs exnspz"
    >
      <p
        className="sc-iwsKbI bYpdxf"
      >
        © Algonomicon LLC 2019
      </p>
    </div>
  </div>
</div>
`;
