// Jest Snapshot v1, https://goo.gl/fbAQLP

exports[`Footer renders correctly 1`] = `
<div
  className="sc-dnqmqq ipcvRL"
>
  <div
    className="sc-htoDjs exnspz"
  >
    <p
      className="sc-iwsKbI bYpdxf"
    >
      Â© Algonomicon LLC 2019
    </p>
  </div>
</div>
`;
